python : Creating test database for alias 
'default'...
En línea: 1 Carácter: 1
+ python manage.py test apps.academico.tests > 
test_output.txt 2>&1
+ ~~~~~~~~~~~~~~~~~~~~~~~~~~~~~~~~~~~~~~~~~~~~~~~
~~~~~~~~~~~~~~~~~~
    + CategoryInfo          : NotSpecified: (Cre 
   ating test d...as 'default'...:String) [], R  
  emoteException
    + FullyQualifiedErrorId : NativeCommandError
 

C:\Users\crist\AppData\Local\Programs\Python\Pyth
on313\Lib\site-packages\django\core\handlers\base
.py:61: UserWarning: No directory at: 
C:\Users\crist\Proyecto integrado 
corregido\Proyecto Integrado pagina 
web\staticfiles\
  mw_instance = middleware(adapted_handler)
E..
=================================================
=====================
ERROR: test_descargar_informe_notas_estudiante (a
pps.academico.tests.test_views.AcademicoViewsTest
.test_descargar_informe_notas_estudiante)
-------------------------------------------------
---------------------
Traceback (most recent call last):
  File "C:\Users\crist\Proyecto integrado 
corregido\Proyecto Integrado pagina 
web\apps\academico\tests\test_views.py", line 
54, in test_descargar_informe_notas_estudiante
    response = self.client.get(reverse('academico
:descargar_informe_notas'))
  File "C:\Users\crist\AppData\Local\Programs\Pyt
hon\Python313\Lib\site-packages\django\test\clien
t.py", line 1124, in get
    response = super().get(
        path,
    ...<4 lines>...
        **extra,
    )
  File "C:\Users\crist\AppData\Local\Programs\Pyt
hon\Python313\Lib\site-packages\django\test\clien
t.py", line 475, in get
    return self.generic(
           ~~~~~~~~~~~~^
        "GET",
        ^^^^^^
    ...<4 lines>...
        **extra,
        ^^^^^^^^
    )
    ^
  File "C:\Users\crist\AppData\Local\Programs\Pyt
hon\Python313\Lib\site-packages\django\test\clien
t.py", line 671, in generic
    return self.request(**r)
           ~~~~~~~~~~~~^^^^^
  File "C:\Users\crist\AppData\Local\Programs\Pyt
hon\Python313\Lib\site-packages\django\test\clien
t.py", line 1087, in request
    self.check_exception(response)
    ~~~~~~~~~~~~~~~~~~~~^^^^^^^^^^
  File "C:\Users\crist\AppData\Local\Programs\Pyt
hon\Python313\Lib\site-packages\django\test\clien
t.py", line 802, in check_exception
    raise exc_value
  File "C:\Users\crist\AppData\Local\Programs\Pyt
hon\Python313\Lib\site-packages\django\core\handl
ers\exception.py", line 55, in inner
    response = get_response(request)
  File "C:\Users\crist\AppData\Local\Programs\Pyt
hon\Python313\Lib\site-packages\django\core\handl
ers\base.py", line 197, in _get_response
    response = wrapped_callback(request, 
*callback_args, **callback_kwargs)
  File "C:\Users\crist\AppData\Local\Programs\Pyt
hon\Python313\Lib\site-packages\django\contrib\au
th\decorators.py", line 59, in _view_wrapper
    return view_func(request, *args, **kwargs)
  File "C:\Users\crist\Proyecto integrado 
corregido\Proyecto Integrado pagina 
web\apps\academico\views.py", line 153, in 
descargar_informe_notas
    notas = Calificacion.objects.filter(
        estudiante=estudiante,
        curso=inscripcion.curso,
        a±o=anio_actual
    )
  File "C:\Users\crist\AppData\Local\Programs\Pyt
hon\Python313\Lib\site-packages\django\db\models\
manager.py", line 87, in manager_method
    return getattr(self.get_queryset(), 
name)(*args, **kwargs)
           ~~~~~~~~~~~~~~~~~~~~~~~~~~~~~~~~~~^^^^
^^^^^^^^^^^^^
  File "C:\Users\crist\AppData\Local\Programs\Pyt
hon\Python313\Lib\site-packages\django\db\models\
query.py", line 1493, in filter
    return self._filter_or_exclude(False, args, 
kwargs)
           
~~~~~~~~~~~~~~~~~~~~~~~^^^^^^^^^^^^^^^^^^^^^
  File "C:\Users\crist\AppData\Local\Programs\Pyt
hon\Python313\Lib\site-packages\django\db\models\
query.py", line 1511, in _filter_or_exclude
    clone._filter_or_exclude_inplace(negate, 
args, kwargs)
    ~~~~~~~~~~~~~~~~~~~~~~~~~~~~~~~~^^^^^^^^^^^^^
^^^^^^^^^
  File "C:\Users\crist\AppData\Local\Programs\Pyt
hon\Python313\Lib\site-packages\django\db\models\
query.py", line 1518, in 
_filter_or_exclude_inplace
    self._query.add_q(Q(*args, **kwargs))
    ~~~~~~~~~~~~~~~~~^^^^^^^^^^^^^^^^^^^^
  File "C:\Users\crist\AppData\Local\Programs\Pyt
hon\Python313\Lib\site-packages\django\db\models\
sql\query.py", line 1646, in add_q
    clause, _ = self._add_q(q_object, can_reuse)
                ~~~~~~~~~~~^^^^^^^^^^^^^^^^^^^^^
  File "C:\Users\crist\AppData\Local\Programs\Pyt
hon\Python313\Lib\site-packages\django\db\models\
sql\query.py", line 1678, in _add_q
    child_clause, needed_inner = 
self.build_filter(
                                 
~~~~~~~~~~~~~~~~~^
        child,
        ^^^^^^
    ...<7 lines>...
        update_join_types=update_join_types,
        ^^^^^^^^^^^^^^^^^^^^^^^^^^^^^^^^^^^^
    )
    ^
  File "C:\Users\crist\AppData\Local\Programs\Pyt
hon\Python313\Lib\site-packages\django\db\models\
sql\query.py", line 1526, in build_filter
    lookups, parts, reffed_expression = 
self.solve_lookup_type(arg, summarize)
                                        
~~~~~~~~~~~~~~~~~~~~~~^^^^^^^^^^^^^^^^
  File "C:\Users\crist\AppData\Local\Programs\Pyt
hon\Python313\Lib\site-packages\django\db\models\
sql\query.py", line 1333, in solve_lookup_type
    _, field, _, lookup_parts = 
self.names_to_path(lookup_splitted, 
self.get_meta())
                                ~~~~~~~~~~~~~~~~~
~^^^^^^^^^^^^^^^^^^^^^^^^^^^^^^^^^^
  File "C:\Users\crist\AppData\Local\Programs\Pyt
hon\Python313\Lib\site-packages\django\db\models\
sql\query.py", line 1805, in names_to_path
    raise FieldError(
    ...<2 lines>...
    )
django.core.exceptions.FieldError: Cannot 
resolve keyword 'a±o' into field. Choices are: 
asignatura, asignatura_id, creado, curso, 
curso_id, descripcion, estudiante, 
estudiante_id, fecha_evaluacion, id, nota, 
numero_evaluacion, profesor, profesor_id, 
semestre, tipo_evaluacion

-------------------------------------------------
---------------------
Ran 3 tests in 2.215s

FAILED (errors=1)
Destroying test database for alias 'default'...

Found 3 test(s).
System check identified no issues (0 silenced).
DEBUG: BASE_DIR = C:\Users\crist\Proyecto integrado corregido\Proyecto Integrado pagina web
DEBUG: TEMPLATES DIRS = [WindowsPath('C:/Users/crist/Proyecto integrado corregido/Proyecto Integrado pagina web/templates')]
DEBUG: BASE_DIR = C:\Users\crist\Proyecto integrado corregido\Proyecto Integrado pagina web
DEBUG: TEMPLATES DIRS = [WindowsPath('C:/Users/crist/Proyecto integrado corregido/Proyecto Integrado pagina web/templates')]
DEBUG: BASE_DIR = C:\Users\crist\Proyecto integrado corregido\Proyecto Integrado pagina web
DEBUG: TEMPLATES DIRS = [WindowsPath('C:/Users/crist/Proyecto integrado corregido/Proyecto Integrado pagina web/templates')]
