python : Creating test database 
for alias 'default'...
En línea: 1 Carácter: 1
+ python manage.py test > 
test_errors.txt 2>&1
+ ~~~~~~~~~~~~~~~~~~~~~~~~~~~~~~~~~
~~~~~~~~~~~
    + CategoryInfo          : NotS 
   pecified: (Creating test d...a  
  s 'default'...:String) [], Rem   
 oteException
    + FullyQualifiedErrorId : Nati 
   veCommandError
 

.EEFF.FE.EEEEEEEFFF...FFFFF
===================================
===================================
ERROR: 
test_mensaje_form_empty_content (ap
ps.mensajeria.tests.MensajeriaFormT
ests.test_mensaje_form_empty_conten
t)
Test formulario de mensaje con 
contenido vacÝo
-----------------------------------
-----------------------------------
Traceback (most recent call last):
  File "C:\Users\crist\Proyecto 
integrado corregido\Proyecto 
Integrado pagina 
web\apps\mensajeria\tests.py", 
line 353, in 
test_mensaje_form_empty_content
    
self.assertFalse(form.is_valid())
                     
~~~~~~~~~~~~~^^
  File "C:\Users\crist\AppData\Loca
l\Programs\Python\Python313\Lib\sit
e-packages\django\forms\forms.py", 
line 206, in is_valid
    return self.is_bound and not 
self.errors
                                 
^^^^^^^^^^^
  File "C:\Users\crist\AppData\Loca
l\Programs\Python\Python313\Lib\sit
e-packages\django\forms\forms.py", 
line 201, in errors
    self.full_clean()
    ~~~~~~~~~~~~~~~^^
  File "C:\Users\crist\AppData\Loca
l\Programs\Python\Python313\Lib\sit
e-packages\django\forms\forms.py", 
line 339, in full_clean
    self._post_clean()
    ~~~~~~~~~~~~~~~~^^
  File "C:\Users\crist\AppData\Loca
l\Programs\Python\Python313\Lib\sit
e-packages\django\forms\models.py",
 line 498, in _post_clean
    self.instance.full_clean(exclud
e=exclude, validate_unique=False)
    ~~~~~~~~~~~~~~~~~~~~~~~~^^^^^^^
^^^^^^^^^^^^^^^^^^^^^^^^^^^^^^^^^
  File "C:\Users\crist\AppData\Loca
l\Programs\Python\Python313\Lib\sit
e-packages\django\db\models\base.py
", line 1654, in full_clean
    self.clean()
    ~~~~~~~~~~^^
  File "C:\Users\crist\Proyecto 
integrado corregido\Proyecto 
Integrado pagina 
web\apps\mensajeria\models.py", 
line 139, in clean
    if self.conversacion and 
self.autor:
       ^^^^^^^^^^^^^^^^^
  File "C:\Users\crist\AppData\Loca
l\Programs\Python\Python313\Lib\sit
e-packages\django\db\models\fields\
related_descriptors.py", line 271, 
in __get__
    raise 
self.RelatedObjectDoesNotExist(
        "%s has no %s." % 
(self.field.model.__name__, 
self.field.name)
    )
mensajeria.models.Mensaje.conversac
ion.RelatedObjectDoesNotExist: 
Mensaje has no conversacion.. Did 
you mean: 'conversacion_id'?

===================================
===================================
ERROR: test_mensaje_form_valid (app
s.mensajeria.tests.MensajeriaFormTe
sts.test_mensaje_form_valid)
Test formulario de mensaje vßlido
-----------------------------------
-----------------------------------
Traceback (most recent call last):
  File "C:\Users\crist\Proyecto 
integrado corregido\Proyecto 
Integrado pagina 
web\apps\mensajeria\tests.py", 
line 345, in 
test_mensaje_form_valid
    
self.assertTrue(form.is_valid())
                    ~~~~~~~~~~~~~^^
  File "C:\Users\crist\AppData\Loca
l\Programs\Python\Python313\Lib\sit
e-packages\django\forms\forms.py", 
line 206, in is_valid
    return self.is_bound and not 
self.errors
                                 
^^^^^^^^^^^
  File "C:\Users\crist\AppData\Loca
l\Programs\Python\Python313\Lib\sit
e-packages\django\forms\forms.py", 
line 201, in errors
    self.full_clean()
    ~~~~~~~~~~~~~~~^^
  File "C:\Users\crist\AppData\Loca
l\Programs\Python\Python313\Lib\sit
e-packages\django\forms\forms.py", 
line 339, in full_clean
    self._post_clean()
    ~~~~~~~~~~~~~~~~^^
  File "C:\Users\crist\AppData\Loca
l\Programs\Python\Python313\Lib\sit
e-packages\django\forms\models.py",
 line 498, in _post_clean
    self.instance.full_clean(exclud
e=exclude, validate_unique=False)
    ~~~~~~~~~~~~~~~~~~~~~~~~^^^^^^^
^^^^^^^^^^^^^^^^^^^^^^^^^^^^^^^^^
  File "C:\Users\crist\AppData\Loca
l\Programs\Python\Python313\Lib\sit
e-packages\django\db\models\base.py
", line 1654, in full_clean
    self.clean()
    ~~~~~~~~~~^^
  File "C:\Users\crist\Proyecto 
integrado corregido\Proyecto 
Integrado pagina 
web\apps\mensajeria\models.py", 
line 139, in clean
    if self.conversacion and 
self.autor:
       ^^^^^^^^^^^^^^^^^
  File "C:\Users\crist\AppData\Loca
l\Programs\Python\Python313\Lib\sit
e-packages\django\db\models\fields\
related_descriptors.py", line 271, 
in __get__
    raise 
self.RelatedObjectDoesNotExist(
        "%s has no %s." % 
(self.field.model.__name__, 
self.field.name)
    )
mensajeria.models.Mensaje.conversac
ion.RelatedObjectDoesNotExist: 
Mensaje has no conversacion.. Did 
you mean: 'conversacion_id'?

===================================
===================================
ERROR: test_file_attachment_flow (a
pps.mensajeria.tests.MensajeriaInte
grationTests.test_file_attachment_f
low)
Test flujo con archivo adjunto
-----------------------------------
-----------------------------------
Traceback (most recent call last):
  File "C:\Users\crist\Proyecto 
integrado corregido\Proyecto 
Integrado pagina 
web\apps\mensajeria\tests.py", 
line 496, in 
test_file_attachment_flow
    conversacion = 
Conversacion.objects.get(
        alumno=self.alumno,
        profesor=self.profesor
    )
  File "C:\Users\crist\AppData\Loca
l\Programs\Python\Python313\Lib\sit
e-packages\django\db\models\manager
.py", line 87, in manager_method
    return 
getattr(self.get_queryset(), 
name)(*args, **kwargs)
           ~~~~~~~~~~~~~~~~~~~~~~~~
~~~~~~~~~~^^^^^^^^^^^^^^^^^
  File "C:\Users\crist\AppData\Loca
l\Programs\Python\Python313\Lib\sit
e-packages\django\db\models\query.p
y", line 633, in get
    raise self.model.DoesNotExist(
        "%s matching query does 
not exist." % 
self.model._meta.object_name
    )
mensajeria.models.Conversacion.Does
NotExist: Conversacion matching 
query does not exist.

===================================
===================================
ERROR: test_conversacion_creation (
apps.mensajeria.tests.MensajeriaMod
elTests.test_conversacion_creation)
Test crear conversaci¾n
-----------------------------------
-----------------------------------
Traceback (most recent call last):
  File "C:\Users\crist\Proyecto 
integrado corregido\Proyecto 
Integrado pagina 
web\apps\mensajeria\tests.py", 
line 63, in setUp
    self.mensaje = 
Mensaje.objects.create(
                   
~~~~~~~~~~~~~~~~~~~~~~^
        
conversacion=self.conversacion,
        
^^^^^^^^^^^^^^^^^^^^^^^^^^^^^^^
        autor=self.alumno,
        ^^^^^^^^^^^^^^^^^^
        contenido='Mensaje de 
prueba'
        
^^^^^^^^^^^^^^^^^^^^^^^^^^^^^
    )
    ^
  File "C:\Users\crist\AppData\Loca
l\Programs\Python\Python313\Lib\sit
e-packages\django\db\models\manager
.py", line 87, in manager_method
    return 
getattr(self.get_queryset(), 
name)(*args, **kwargs)
           ~~~~~~~~~~~~~~~~~~~~~~~~
~~~~~~~~~~^^^^^^^^^^^^^^^^^
  File "C:\Users\crist\AppData\Loca
l\Programs\Python\Python313\Lib\sit
e-packages\django\db\models\query.p
y", line 663, in create
    obj.save(force_insert=True, 
using=self.db)
    ~~~~~~~~^^^^^^^^^^^^^^^^^^^^^^^
^^^^^^^^^^^
  File "C:\Users\crist\AppData\Loca
l\Programs\Python\Python313\Lib\con
textlib.py", line 85, in inner
    return func(*args, **kwds)
  File "C:\Users\crist\Proyecto 
integrado corregido\Proyecto 
Integrado pagina 
web\apps\mensajeria\models.py", 
line 176, in save
    self.full_clean()
    ~~~~~~~~~~~~~~~^^
  File "C:\Users\crist\AppData\Loca
l\Programs\Python\Python313\Lib\sit
e-packages\django\db\models\base.py
", line 1654, in full_clean
    self.clean()
    ~~~~~~~~~~^^
  File "C:\Users\crist\Proyecto 
integrado corregido\Proyecto 
Integrado pagina 
web\apps\mensajeria\models.py", 
line 144, in clean
    if not self.receptor and 
self.conversacion and self.autor:
           ^^^^^^^^^^^^^
  File "C:\Users\crist\AppData\Loca
l\Programs\Python\Python313\Lib\sit
e-packages\django\db\models\fields\
related_descriptors.py", line 271, 
in __get__
    raise 
self.RelatedObjectDoesNotExist(
        "%s has no %s." % 
(self.field.model.__name__, 
self.field.name)
    )
mensajeria.models.Mensaje.receptor.
RelatedObjectDoesNotExist: Mensaje 
has no receptor.. Did you mean: 
'receptor_id'?

===================================
===================================
ERROR: test_conversacion_unique_con
straint (apps.mensajeria.tests.Mens
ajeriaModelTests.test_conversacion_
unique_constraint)
Test que no se puedan crear 
conversaciones duplicadas
-----------------------------------
-----------------------------------
Traceback (most recent call last):
  File "C:\Users\crist\Proyecto 
integrado corregido\Proyecto 
Integrado pagina 
web\apps\mensajeria\tests.py", 
line 63, in setUp
    self.mensaje = 
Mensaje.objects.create(
                   
~~~~~~~~~~~~~~~~~~~~~~^
        
conversacion=self.conversacion,
        
^^^^^^^^^^^^^^^^^^^^^^^^^^^^^^^
        autor=self.alumno,
        ^^^^^^^^^^^^^^^^^^
        contenido='Mensaje de 
prueba'
        
^^^^^^^^^^^^^^^^^^^^^^^^^^^^^
    )
    ^
  File "C:\Users\crist\AppData\Loca
l\Programs\Python\Python313\Lib\sit
e-packages\django\db\models\manager
.py", line 87, in manager_method
    return 
getattr(self.get_queryset(), 
name)(*args, **kwargs)
           ~~~~~~~~~~~~~~~~~~~~~~~~
~~~~~~~~~~^^^^^^^^^^^^^^^^^
  File "C:\Users\crist\AppData\Loca
l\Programs\Python\Python313\Lib\sit
e-packages\django\db\models\query.p
y", line 663, in create
    obj.save(force_insert=True, 
using=self.db)
    ~~~~~~~~^^^^^^^^^^^^^^^^^^^^^^^
^^^^^^^^^^^
  File "C:\Users\crist\AppData\Loca
l\Programs\Python\Python313\Lib\con
textlib.py", line 85, in inner
    return func(*args, **kwds)
  File "C:\Users\crist\Proyecto 
integrado corregido\Proyecto 
Integrado pagina 
web\apps\mensajeria\models.py", 
line 176, in save
    self.full_clean()
    ~~~~~~~~~~~~~~~^^
  File "C:\Users\crist\AppData\Loca
l\Programs\Python\Python313\Lib\sit
e-packages\django\db\models\base.py
", line 1654, in full_clean
    self.clean()
    ~~~~~~~~~~^^
  File "C:\Users\crist\Proyecto 
integrado corregido\Proyecto 
Integrado pagina 
web\apps\mensajeria\models.py", 
line 144, in clean
    if not self.receptor and 
self.conversacion and self.autor:
           ^^^^^^^^^^^^^
  File "C:\Users\crist\AppData\Loca
l\Programs\Python\Python313\Lib\sit
e-packages\django\db\models\fields\
related_descriptors.py", line 271, 
in __get__
    raise 
self.RelatedObjectDoesNotExist(
        "%s has no %s." % 
(self.field.model.__name__, 
self.field.name)
    )
mensajeria.models.Mensaje.receptor.
RelatedObjectDoesNotExist: Mensaje 
has no receptor.. Did you mean: 
'receptor_id'?

===================================
===================================
ERROR: test_get_contador_no_leidos 
(apps.mensajeria.tests.MensajeriaMo
delTests.test_get_contador_no_leido
s)
Test obtener contador de no leÝdos
-----------------------------------
-----------------------------------
Traceback (most recent call last):
  File "C:\Users\crist\Proyecto 
integrado corregido\Proyecto 
Integrado pagina 
web\apps\mensajeria\tests.py", 
line 63, in setUp
    self.mensaje = 
Mensaje.objects.create(
                   
~~~~~~~~~~~~~~~~~~~~~~^
        
conversacion=self.conversacion,
        
^^^^^^^^^^^^^^^^^^^^^^^^^^^^^^^
        autor=self.alumno,
        ^^^^^^^^^^^^^^^^^^
        contenido='Mensaje de 
prueba'
        
^^^^^^^^^^^^^^^^^^^^^^^^^^^^^
    )
    ^
  File "C:\Users\crist\AppData\Loca
l\Programs\Python\Python313\Lib\sit
e-packages\django\db\models\manager
.py", line 87, in manager_method
    return 
getattr(self.get_queryset(), 
name)(*args, **kwargs)
           ~~~~~~~~~~~~~~~~~~~~~~~~
~~~~~~~~~~^^^^^^^^^^^^^^^^^
  File "C:\Users\crist\AppData\Loca
l\Programs\Python\Python313\Lib\sit
e-packages\django\db\models\query.p
y", line 663, in create
    obj.save(force_insert=True, 
using=self.db)
    ~~~~~~~~^^^^^^^^^^^^^^^^^^^^^^^
^^^^^^^^^^^
  File "C:\Users\crist\AppData\Loca
l\Programs\Python\Python313\Lib\con
textlib.py", line 85, in inner
    return func(*args, **kwds)
  File "C:\Users\crist\Proyecto 
integrado corregido\Proyecto 
Integrado pagina 
web\apps\mensajeria\models.py", 
line 176, in save
    self.full_clean()
    ~~~~~~~~~~~~~~~^^
  File "C:\Users\crist\AppData\Loca
l\Programs\Python\Python313\Lib\sit
e-packages\django\db\models\base.py
", line 1654, in full_clean
    self.clean()
    ~~~~~~~~~~^^
  File "C:\Users\crist\Proyecto 
integrado corregido\Proyecto 
Integrado pagina 
web\apps\mensajeria\models.py", 
line 144, in clean
    if not self.receptor and 
self.conversacion and self.autor:
           ^^^^^^^^^^^^^
  File "C:\Users\crist\AppData\Loca
l\Programs\Python\Python313\Lib\sit
e-packages\django\db\models\fields\
related_descriptors.py", line 271, 
in __get__
    raise 
self.RelatedObjectDoesNotExist(
        "%s has no %s." % 
(self.field.model.__name__, 
self.field.name)
    )
mensajeria.models.Mensaje.receptor.
RelatedObjectDoesNotExist: Mensaje 
has no receptor.. Did you mean: 
'receptor_id'?

===================================
===================================
ERROR: test_get_otro_participante (
apps.mensajeria.tests.MensajeriaMod
elTests.test_get_otro_participante)
Test obtener el otro participante
-----------------------------------
-----------------------------------
Traceback (most recent call last):
  File "C:\Users\crist\Proyecto 
integrado corregido\Proyecto 
Integrado pagina 
web\apps\mensajeria\tests.py", 
line 63, in setUp
    self.mensaje = 
Mensaje.objects.create(
                   
~~~~~~~~~~~~~~~~~~~~~~^
        
conversacion=self.conversacion,
        
^^^^^^^^^^^^^^^^^^^^^^^^^^^^^^^
        autor=self.alumno,
        ^^^^^^^^^^^^^^^^^^
        contenido='Mensaje de 
prueba'
        
^^^^^^^^^^^^^^^^^^^^^^^^^^^^^
    )
    ^
  File "C:\Users\crist\AppData\Loca
l\Programs\Python\Python313\Lib\sit
e-packages\django\db\models\manager
.py", line 87, in manager_method
    return 
getattr(self.get_queryset(), 
name)(*args, **kwargs)
           ~~~~~~~~~~~~~~~~~~~~~~~~
~~~~~~~~~~^^^^^^^^^^^^^^^^^
  File "C:\Users\crist\AppData\Loca
l\Programs\Python\Python313\Lib\sit
e-packages\django\db\models\query.p
y", line 663, in create
    obj.save(force_insert=True, 
using=self.db)
    ~~~~~~~~^^^^^^^^^^^^^^^^^^^^^^^
^^^^^^^^^^^
  File "C:\Users\crist\AppData\Loca
l\Programs\Python\Python313\Lib\con
textlib.py", line 85, in inner
    return func(*args, **kwds)
  File "C:\Users\crist\Proyecto 
integrado corregido\Proyecto 
Integrado pagina 
web\apps\mensajeria\models.py", 
line 176, in save
    self.full_clean()
    ~~~~~~~~~~~~~~~^^
  File "C:\Users\crist\AppData\Loca
l\Programs\Python\Python313\Lib\sit
e-packages\django\db\models\base.py
", line 1654, in full_clean
    self.clean()
    ~~~~~~~~~~^^
  File "C:\Users\crist\Proyecto 
integrado corregido\Proyecto 
Integrado pagina 
web\apps\mensajeria\models.py", 
line 144, in clean
    if not self.receptor and 
self.conversacion and self.autor:
           ^^^^^^^^^^^^^
  File "C:\Users\crist\AppData\Loca
l\Programs\Python\Python313\Lib\sit
e-packages\django\db\models\fields\
related_descriptors.py", line 271, 
in __get__
    raise 
self.RelatedObjectDoesNotExist(
        "%s has no %s." % 
(self.field.model.__name__, 
self.field.name)
    )
mensajeria.models.Mensaje.receptor.
RelatedObjectDoesNotExist: Mensaje 
has no receptor.. Did you mean: 
'receptor_id'?

===================================
===================================
ERROR: test_marcar_como_leido (apps
.mensajeria.tests.MensajeriaModelTe
sts.test_marcar_como_leido)
Test marcar conversaci¾n como leÝda
-----------------------------------
-----------------------------------
Traceback (most recent call last):
  File "C:\Users\crist\Proyecto 
integrado corregido\Proyecto 
Integrado pagina 
web\apps\mensajeria\tests.py", 
line 63, in setUp
    self.mensaje = 
Mensaje.objects.create(
                   
~~~~~~~~~~~~~~~~~~~~~~^
        
conversacion=self.conversacion,
        
^^^^^^^^^^^^^^^^^^^^^^^^^^^^^^^
        autor=self.alumno,
        ^^^^^^^^^^^^^^^^^^
        contenido='Mensaje de 
prueba'
        
^^^^^^^^^^^^^^^^^^^^^^^^^^^^^
    )
    ^
  File "C:\Users\crist\AppData\Loca
l\Programs\Python\Python313\Lib\sit
e-packages\django\db\models\manager
.py", line 87, in manager_method
    return 
getattr(self.get_queryset(), 
name)(*args, **kwargs)
           ~~~~~~~~~~~~~~~~~~~~~~~~
~~~~~~~~~~^^^^^^^^^^^^^^^^^
  File "C:\Users\crist\AppData\Loca
l\Programs\Python\Python313\Lib\sit
e-packages\django\db\models\query.p
y", line 663, in create
    obj.save(force_insert=True, 
using=self.db)
    ~~~~~~~~^^^^^^^^^^^^^^^^^^^^^^^
^^^^^^^^^^^
  File "C:\Users\crist\AppData\Loca
l\Programs\Python\Python313\Lib\con
textlib.py", line 85, in inner
    return func(*args, **kwds)
  File "C:\Users\crist\Proyecto 
integrado corregido\Proyecto 
Integrado pagina 
web\apps\mensajeria\models.py", 
line 176, in save
    self.full_clean()
    ~~~~~~~~~~~~~~~^^
  File "C:\Users\crist\AppData\Loca
l\Programs\Python\Python313\Lib\sit
e-packages\django\db\models\base.py
", line 1654, in full_clean
    self.clean()
    ~~~~~~~~~~^^
  File "C:\Users\crist\Proyecto 
integrado corregido\Proyecto 
Integrado pagina 
web\apps\mensajeria\models.py", 
line 144, in clean
    if not self.receptor and 
self.conversacion and self.autor:
           ^^^^^^^^^^^^^
  File "C:\Users\crist\AppData\Loca
l\Programs\Python\Python313\Lib\sit
e-packages\django\db\models\fields\
related_descriptors.py", line 271, 
in __get__
    raise 
self.RelatedObjectDoesNotExist(
        "%s has no %s." % 
(self.field.model.__name__, 
self.field.name)
    )
mensajeria.models.Mensaje.receptor.
RelatedObjectDoesNotExist: Mensaje 
has no receptor.. Did you mean: 
'receptor_id'?

===================================
===================================
ERROR: test_mensaje_actualiza_conta
dor_no_leidos (apps.mensajeria.test
s.MensajeriaModelTests.test_mensaje
_actualiza_contador_no_leidos)
Test que crear mensaje actualice 
contadores
-----------------------------------
-----------------------------------
Traceback (most recent call last):
  File "C:\Users\crist\Proyecto 
integrado corregido\Proyecto 
Integrado pagina 
web\apps\mensajeria\tests.py", 
line 63, in setUp
    self.mensaje = 
Mensaje.objects.create(
                   
~~~~~~~~~~~~~~~~~~~~~~^
        
conversacion=self.conversacion,
        
^^^^^^^^^^^^^^^^^^^^^^^^^^^^^^^
        autor=self.alumno,
        ^^^^^^^^^^^^^^^^^^
        contenido='Mensaje de 
prueba'
        
^^^^^^^^^^^^^^^^^^^^^^^^^^^^^
    )
    ^
  File "C:\Users\crist\AppData\Loca
l\Programs\Python\Python313\Lib\sit
e-packages\django\db\models\manager
.py", line 87, in manager_method
    return 
getattr(self.get_queryset(), 
name)(*args, **kwargs)
           ~~~~~~~~~~~~~~~~~~~~~~~~
~~~~~~~~~~^^^^^^^^^^^^^^^^^
  File "C:\Users\crist\AppData\Loca
l\Programs\Python\Python313\Lib\sit
e-packages\django\db\models\query.p
y", line 663, in create
    obj.save(force_insert=True, 
using=self.db)
    ~~~~~~~~^^^^^^^^^^^^^^^^^^^^^^^
^^^^^^^^^^^
  File "C:\Users\crist\AppData\Loca
l\Programs\Python\Python313\Lib\con
textlib.py", line 85, in inner
    return func(*args, **kwds)
  File "C:\Users\crist\Proyecto 
integrado corregido\Proyecto 
Integrado pagina 
web\apps\mensajeria\models.py", 
line 176, in save
    self.full_clean()
    ~~~~~~~~~~~~~~~^^
  File "C:\Users\crist\AppData\Loca
l\Programs\Python\Python313\Lib\sit
e-packages\django\db\models\base.py
", line 1654, in full_clean
    self.clean()
    ~~~~~~~~~~^^
  File "C:\Users\crist\Proyecto 
integrado corregido\Proyecto 
Integrado pagina 
web\apps\mensajeria\models.py", 
line 144, in clean
    if not self.receptor and 
self.conversacion and self.autor:
           ^^^^^^^^^^^^^
  File "C:\Users\crist\AppData\Loca
l\Programs\Python\Python313\Lib\sit
e-packages\django\db\models\fields\
related_descriptors.py", line 271, 
in __get__
    raise 
self.RelatedObjectDoesNotExist(
        "%s has no %s." % 
(self.field.model.__name__, 
self.field.name)
    )
mensajeria.models.Mensaje.receptor.
RelatedObjectDoesNotExist: Mensaje 
has no receptor.. Did you mean: 
'receptor_id'?

===================================
===================================
ERROR: test_mensaje_creation (apps.
mensajeria.tests.MensajeriaModelTes
ts.test_mensaje_creation)
Test crear mensaje
-----------------------------------
-----------------------------------
Traceback (most recent call last):
  File "C:\Users\crist\Proyecto 
integrado corregido\Proyecto 
Integrado pagina 
web\apps\mensajeria\tests.py", 
line 63, in setUp
    self.mensaje = 
Mensaje.objects.create(
                   
~~~~~~~~~~~~~~~~~~~~~~^
        
conversacion=self.conversacion,
        
^^^^^^^^^^^^^^^^^^^^^^^^^^^^^^^
        autor=self.alumno,
        ^^^^^^^^^^^^^^^^^^
        contenido='Mensaje de 
prueba'
        
^^^^^^^^^^^^^^^^^^^^^^^^^^^^^
    )
    ^
  File "C:\Users\crist\AppData\Loca
l\Programs\Python\Python313\Lib\sit
e-packages\django\db\models\manager
.py", line 87, in manager_method
    return 
getattr(self.get_queryset(), 
name)(*args, **kwargs)
           ~~~~~~~~~~~~~~~~~~~~~~~~
~~~~~~~~~~^^^^^^^^^^^^^^^^^
  File "C:\Users\crist\AppData\Loca
l\Programs\Python\Python313\Lib\sit
e-packages\django\db\models\query.p
y", line 663, in create
    obj.save(force_insert=True, 
using=self.db)
    ~~~~~~~~^^^^^^^^^^^^^^^^^^^^^^^
^^^^^^^^^^^
  File "C:\Users\crist\AppData\Loca
l\Programs\Python\Python313\Lib\con
textlib.py", line 85, in inner
    return func(*args, **kwds)
  File "C:\Users\crist\Proyecto 
integrado corregido\Proyecto 
Integrado pagina 
web\apps\mensajeria\models.py", 
line 176, in save
    self.full_clean()
    ~~~~~~~~~~~~~~~^^
  File "C:\Users\crist\AppData\Loca
l\Programs\Python\Python313\Lib\sit
e-packages\django\db\models\base.py
", line 1654, in full_clean
    self.clean()
    ~~~~~~~~~~^^
  File "C:\Users\crist\Proyecto 
integrado corregido\Proyecto 
Integrado pagina 
web\apps\mensajeria\models.py", 
line 144, in clean
    if not self.receptor and 
self.conversacion and self.autor:
           ^^^^^^^^^^^^^
  File "C:\Users\crist\AppData\Loca
l\Programs\Python\Python313\Lib\sit
e-packages\django\db\models\fields\
related_descriptors.py", line 271, 
in __get__
    raise 
self.RelatedObjectDoesNotExist(
        "%s has no %s." % 
(self.field.model.__name__, 
self.field.name)
    )
mensajeria.models.Mensaje.receptor.
RelatedObjectDoesNotExist: Mensaje 
has no receptor.. Did you mean: 
'receptor_id'?

===================================
===================================
FAIL: test_nueva_conversacion_form_
alumno (apps.mensajeria.tests.Mensa
jeriaFormTests.test_nueva_conversac
ion_form_alumno)
Test formulario de nueva 
conversaci¾n para alumno
-----------------------------------
-----------------------------------
Traceback (most recent call last):
  File "C:\Users\crist\Proyecto 
integrado corregido\Proyecto 
Integrado pagina 
web\apps\mensajeria\tests.py", 
line 362, in 
test_nueva_conversacion_form_alumno
    
self.assertTrue(form.is_valid())
    
~~~~~~~~~~~~~~~^^^^^^^^^^^^^^^^^
AssertionError: False is not true

===================================
===================================
FAIL: test_nueva_conversacion_form_
profesor (apps.mensajeria.tests.Men
sajeriaFormTests.test_nueva_convers
acion_form_profesor)
Test formulario de nueva 
conversaci¾n para profesor
-----------------------------------
-----------------------------------
Traceback (most recent call last):
  File "C:\Users\crist\Proyecto 
integrado corregido\Proyecto 
Integrado pagina 
web\apps\mensajeria\tests.py", 
line 370, in test_nueva_conversacio
n_form_profesor
    
self.assertTrue(form.is_valid())
    
~~~~~~~~~~~~~~~^^^^^^^^^^^^^^^^^
AssertionError: False is not true

===================================
===================================
FAIL: 
test_complete_conversation_flow (ap
ps.mensajeria.tests.MensajeriaInteg
rationTests.test_complete_conversat
ion_flow)
Test flujo completo de conversaci¾n
-----------------------------------
-----------------------------------
Traceback (most recent call last):
  File "C:\Users\crist\Proyecto 
integrado corregido\Proyecto 
Integrado pagina 
web\apps\mensajeria\tests.py", 
line 440, in 
test_complete_conversation_flow
    self.assertEqual(response.statu
s_code, 302)
    ~~~~~~~~~~~~~~~~^^^^^^^^^^^^^^^
^^^^^^^^^^^^
AssertionError: 200 != 302

===================================
===================================
FAIL: 
test_conversacion_detail_access (ap
ps.mensajeria.tests.MensajeriaViewT
ests.test_conversacion_detail_acces
s)
Test acceso al detalle de 
conversaci¾n
-----------------------------------
-----------------------------------
Traceback (most recent call last):
  File "C:\Users\crist\Proyecto 
integrado corregido\Proyecto 
Integrado pagina 
web\apps\mensajeria\tests.py", 
line 230, in 
test_conversacion_detail_access
    self.assertEqual(response.statu
s_code, 200)
    ~~~~~~~~~~~~~~~~^^^^^^^^^^^^^^^
^^^^^^^^^^^^
AssertionError: 404 != 200

===================================
===================================
FAIL: test_conversacion_detail_requ
ires_login (apps.mensajeria.tests.M
ensajeriaViewTests.test_conversacio
n_detail_requires_login)
Test que el detalle de 
conversaci¾n requiera login
-----------------------------------
-----------------------------------
Traceback (most recent call last):
  File "C:\Users\crist\Proyecto 
integrado corregido\Proyecto 
Integrado pagina 
web\apps\mensajeria\tests.py", 
line 224, in test_conversacion_deta
il_requires_login
    self.assertEqual(response.statu
s_code, 302)  # Redirect to login
    ~~~~~~~~~~~~~~~~^^^^^^^^^^^^^^^
^^^^^^^^^^^^
AssertionError: 404 != 302

===================================
===================================
FAIL: test_conversacion_detail_unau
thorized (apps.mensajeria.tests.Men
sajeriaViewTests.test_conversacion_
detail_unauthorized)
Test que usuario no participante 
no pueda acceder
-----------------------------------
-----------------------------------
Traceback (most recent call last):
  File "C:\Users\crist\Proyecto 
integrado corregido\Proyecto 
Integrado pagina 
web\apps\mensajeria\tests.py", 
line 244, in test_conversacion_deta
il_unauthorized
Found 27 test(s).
System check identified no issues (0 silenced).
    self.assertEqual(response.statu
s_code, 403)  # Forbidden
    ~~~~~~~~~~~~~~~~^^^^^^^^^^^^^^^
^^^^^^^^^^^^
AssertionError: 404 != 403

===================================
===================================
FAIL: 
test_eliminar_conversacion_get (app
s.mensajeria.tests.MensajeriaViewTe
sts.test_eliminar_conversacion_get)
Test formulario de confirmaci¾n 
para eliminar
-----------------------------------
-----------------------------------
Traceback (most recent call last):
  File "C:\Users\crist\Proyecto 
integrado corregido\Proyecto 
Integrado pagina 
web\apps\mensajeria\tests.py", 
line 306, in 
test_eliminar_conversacion_get
    self.assertEqual(response.statu
s_code, 200)
    ~~~~~~~~~~~~~~~~^^^^^^^^^^^^^^^
^^^^^^^^^^^^
AssertionError: 404 != 200

===================================
===================================
FAIL: 
test_eliminar_conversacion_post (ap
ps.mensajeria.tests.MensajeriaViewT
ests.test_eliminar_conversacion_pos
t)
Test eliminar conversaci¾n (solo 
alumno puede)
-----------------------------------
-----------------------------------
Traceback (most recent call last):
  File "C:\Users\crist\Proyecto 
integrado corregido\Proyecto 
Integrado pagina 
web\apps\mensajeria\tests.py", 
line 296, in 
test_eliminar_conversacion_post
    self.assertEqual(response.statu
s_code, 302)  # Redirect after 
success
    ~~~~~~~~~~~~~~~~^^^^^^^^^^^^^^^
^^^^^^^^^^^^
AssertionError: 404 != 302

===================================
===================================
FAIL: test_nueva_conversacion_post_
alumno (apps.mensajeria.tests.Mensa
jeriaViewTests.test_nueva_conversac
ion_post_alumno)
Test crear nueva conversaci¾n 
desde alumno
-----------------------------------
-----------------------------------
Traceback (most recent call last):
  File "C:\Users\crist\Proyecto 
integrado corregido\Proyecto 
Integrado pagina 
web\apps\mensajeria\tests.py", 
line 252, in 
test_nueva_conversacion_post_alumno
    self.assertEqual(response.statu
s_code, 302)  # Redirect after 
success
    ~~~~~~~~~~~~~~~~^^^^^^^^^^^^^^^
^^^^^^^^^^^^
AssertionError: 200 != 302

===================================
===================================
FAIL: test_nueva_conversacion_post_
profesor (apps.mensajeria.tests.Men
sajeriaViewTests.test_nueva_convers
acion_post_profesor)
Test crear nueva conversaci¾n 
desde profesor
-----------------------------------
-----------------------------------
Traceback (most recent call last):
  File "C:\Users\crist\Proyecto 
integrado corregido\Proyecto 
Integrado pagina 
web\apps\mensajeria\tests.py", 
line 267, in test_nueva_conversacio
n_post_profesor
    self.assertEqual(response.statu
s_code, 302)  # Redirect after 
success
    ~~~~~~~~~~~~~~~~^^^^^^^^^^^^^^^
^^^^^^^^^^^^
AssertionError: 200 != 302

===================================
===================================
FAIL: test_nuevo_mensaje_post (apps
.mensajeria.tests.MensajeriaViewTes
ts.test_nuevo_mensaje_post)
Test enviar nuevo mensaje
-----------------------------------
-----------------------------------
Traceback (most recent call last):
  File "C:\Users\crist\Proyecto 
integrado corregido\Proyecto 
Integrado pagina 
web\apps\mensajeria\tests.py", 
line 283, in 
test_nuevo_mensaje_post
    self.assertEqual(response.statu
s_code, 302)  # Redirect after 
success
    ~~~~~~~~~~~~~~~~^^^^^^^^^^^^^^^
^^^^^^^^^^^^
AssertionError: 404 != 302

-----------------------------------
-----------------------------------
Ran 27 tests in 29.138s

FAILED (failures=11, errors=10)
Destroying test database for alias 
'default'...

